// Jest Snapshot v1, https://goo.gl/fbAQLP

exports[`Heading should render an h1 heading 1`] = `
<DocumentFragment>
  <h1
    class="h1"
  >
    Hi Bob
  </h1>
</DocumentFragment>
`;

exports[`Heading should render an h2 heading 1`] = `
<DocumentFragment>
  <h2
    class="h2"
  >
    Hi Carl
  </h2>
</DocumentFragment>
`;
